Component: ARM Compiler 5.05 update 1 (build 106) Tool: armlink [4d0efa]

==============================================================================

Section Cross References

    startup_stm32f10x_hd.o(RESET) refers to startup_stm32f10x_hd.o(STACK) for __initial_sp
    startup_stm32f10x_hd.o(RESET) refers to startup_stm32f10x_hd.o(.text) for Reset_Handler
    startup_stm32f10x_hd.o(RESET) refers to stm32f10x_it.o(.text) for NMI_Handler
    startup_stm32f10x_hd.o(RESET) refers to wifi.o(.text) for TIM1_UP_IRQHandler
    startup_stm32f10x_hd.o(RESET) refers to sim800c.o(.text) for USART1_IRQHandler
    startup_stm32f10x_hd.o(.text) refers to system_stm32f10x.o(.text) for SystemInit
    startup_stm32f10x_hd.o(.text) refers to entry.o(.ARM.Collect$$$$00000000) for __main
    system_stm32f10x.o(.text) refers to system_stm32f10x.o(.data) for SystemCoreClock
    stm32f10x_gpio.o(.text) refers to stm32f10x_rcc.o(.text) for RCC_APB2PeriphResetCmd
    stm32f10x_rcc.o(.text) refers to stm32f10x_rcc.o(.data) for APBAHBPrescTable
    stm32f10x_usart.o(.text) refers to stm32f10x_rcc.o(.text) for RCC_APB2PeriphResetCmd
    stm32f10x_adc.o(.text) refers to stm32f10x_rcc.o(.text) for RCC_APB2PeriphResetCmd
    stm32f10x_tim.o(.text) refers to stm32f10x_rcc.o(.text) for RCC_APB2PeriphResetCmd
    stm32f10x_bkp.o(.text) refers to stm32f10x_rcc.o(.text) for RCC_BackupResetCmd
    stm32f10x_pwr.o(.text) refers to stm32f10x_rcc.o(.text) for RCC_APB1PeriphResetCmd
    stm32f10x_spi.o(.text) refers to stm32f10x_rcc.o(.text) for RCC_APB2PeriphResetCmd
    main.o(.text) refers to stm32f10x_gpio.o(.text) for GPIO_Init
    main.o(.text) refers to stm32config.o(.text) for System_RCC_Configuration
    main.o(.text) refers to sim800c.o(.text) for open_sim800_pwr
    main.o(.text) refers to server.o(.text) for server_host_id
    main.o(.text) refers to wifi.o(.text) for com_init
    main.o(.text) refers to hcho.o(.text) for hcho_adc_Init
    main.o(.text) refers to delay.o(.text) for delay_init
    main.o(.text) refers to timer.o(.text) for timer_all_init
    main.o(.text) refers to printf8.o(i.__0printf$8) for __2printf
    main.o(.text) refers to server.o(.bss) for serverid
    stm32config.o(.text) refers to stm32f10x_rcc.o(.text) for RCC_DeInit
    stm32config.o(.text) refers to stm32f10x_flash.o(.text) for FLASH_SetLatency
    stm32config.o(.text) refers to stm32f10x_gpio.o(.text) for GPIO_PinRemapConfig
    stm32config.o(.text) refers to misc.o(.text) for NVIC_SetVectorTable
    stm32config.o(.text) refers to stm32f10x_usart.o(.text) for USART_Cmd
    stm32config.o(.text) refers to stm32f10x_tim.o(.text) for TIM_TimeBaseInit
    stm32config.o(.text) refers to delay.o(.text) for delay_ms
    stm32config.o(.text) refers to printf8.o(i.__0printf$8) for __2printf
    stm32config.o(.text) refers to device.o(.text) for set_default_reset
    stm32config.o(.text) refers to 24c16.o(.text) for write_eeprom_flag
    stm32config.o(.text) refers to httputil.o(.emb_text) for SystemReset
    stm32config.o(.text) refers to server.o(.bss) for serverid
    stm32f10x_it.o(.text) refers to timer.o(.text) for timer2_irq
    app_processevents.o(.text) refers to stm32f10x_gpio.o(.text) for GPIO_Init
    app_processevents.o(.text) refers to 24c02.o(.text) for AT24C02_Read
    app_processevents.o(.text) refers to delay.o(.text) for delay_ms
    app_processevents.o(.text) refers to timer.o(.text) for timer_get_run
    app_processevents.o(.text) refers to app_processevents.o(.bss) for switch_para
    app_processevents.o(.text) refers to app_processevents.o(.data) for relay_para
    app_processevents.o(.text) refers to app_processevents.o(.constdata) for Relay_On_opt
    app_processevents.o(.text) refers to memseta.o(.text) for __aeabi_memclr4
    app_processevents.o(.text) refers to printf8.o(i.__0sprintf$8) for __2sprintf
    app_processevents.o(.text) refers to server.o(.text) for Net_SendReply
    app_processevents.o(.text) refers to strchr.o(.text) for strchr
    app_processevents.o(.text) refers to atoi.o(.text) for atoi
    app_processevents.o(.text) refers to memcpya.o(.text) for __aeabi_memcpy
    app_processevents.o(.text) refers to server.o(.data) for connect_port
    app_processevents.o(.text) refers to printf8.o(i.__0printf$8) for __2printf
    app_processevents.o(.text) refers to strcmp.o(.text) for strcmp
    app_processevents.o(.text) refers to strlen.o(.text) for strlen
    app_processevents.o(.text) refers to wifi.o(.bss) for irq_buf
    app_processevents.o(.constdata) refers to app_processevents.o(.text) for Operate_SET_RELAY
    delay.o(.text) refers to misc.o(.text) for SysTick_CLKSourceConfig
    delay.o(.text) refers to delay.o(.data) for fac_us
    wifi.o(.text) refers to delay.o(.text) for delay_ms
    wifi.o(.text) refers to stm32f10x_gpio.o(.text) for GPIO_Init
    wifi.o(.text) refers to stm32f10x_rcc.o(.text) for RCC_APB1PeriphClockCmd
    wifi.o(.text) refers to stm32f10x_usart.o(.text) for USART_Cmd
[...]
    APBAHBPrescTable                         0x20000014   Data          16  stm32f10x_rcc.o(.data)
    ADCPrescTable                            0x20000024   Data           4  stm32f10x_rcc.o(.data)
    .data                                    0x20000028   Section       37  app_processevents.o(.data)
    .data                                    0x2000004e   Section        4  delay.o(.data)
    fac_us                                   0x2000004e   Data           1  delay.o(.data)
    fac_ms                                   0x20000050   Data           2  delay.o(.data)
    .data                                    0x20000054   Section       60  wifi.o(.data)
    net_uart_rev_irq_count                   0x20000070   Data           4  wifi.o(.data)
    net_uart_rev_irq_setvalue                0x20000074   Data           4  wifi.o(.data)
    com_uart_rev_irq_count                   0x20000078   Data           4  wifi.o(.data)
    com_uart_rev_irq_setvalue                0x2000007c   Data           4  wifi.o(.data)
    net_timer_flag                           0x20000088   Data           1  wifi.o(.data)
    com_timer_flag                           0x20000089   Data           1  wifi.o(.data)
    .data                                    0x20000090   Section       18  server.o(.data)
    key                                      0x20000091   Data          16  server.o(.data)
    .data                                    0x200000a4   Section       14  timer.o(.data)
    .data                                    0x200000b4   Section       21  sim800c.o(.data)
    .data                                    0x200000cc   Section       20  device.o(.data)
    get_phy_state_cnt                        0x200000dc   Data           4  device.o(.data)
    .data                                    0x200000e0   Section        8  w5500.o(.data)
    I_STATUS                                 0x200000e0   Data           8  w5500.o(.data)
    .data                                    0x200000e8   Section       20  hcho.o(.data)
    .data                                    0x200000fc   Section        4  stdout.o(.data)
    .data                                    0x20000100   Section        4  errno.o(.data)
    _errno                                   0x20000100   Data           4  errno.o(.data)
    .bss                                     0x20000104   Section      272  app_processevents.o(.bss)
    .bss                                     0x20000214   Section     1216  wifi.o(.bss)
    net_buffer                               0x200005dc   Data          24  wifi.o(.bss)
    com_buffer                               0x200005f4   Data          24  wifi.o(.bss)
    .bss                                     0x200006d4   Section     1544  des.o(.bss)
    tmp1                                     0x200006d4   Data          64  des.o(.bss)
    tmp2                                     0x20000714   Data          64  des.o(.bss)
    tmp6                                     0x200007cc   Data          32  des.o(.bss)
    src                                      0x200008c4   Data        1048  des.o(.bss)
    .bss                                     0x20000cdc   Section      706  server.o(.bss)
    .bss                                     0x20000fa0   Section       84  timer.o(.bss)
    .bss                                     0x20000ff4   Section      512  sim800c.o(.bss)
    .bss                                     0x200011f4   Section     1530  device.o(.bss)
    .bss                                     0x200017ee   Section       32  w5500.o(.bss)
    SSIZE                                    0x200017ee   Data          16  w5500.o(.bss)
    RSIZE                                    0x200017fe   Data          16  w5500.o(.bss)
    .bss                                     0x2000180e   Section     1046  dhcp.o(.bss)
    STACK                                    0x20001c28   Section     1024  startup_stm32f10x_hd.o(STACK)

    Global Symbols

    Symbol Name                              Value     Ov Type        Size  Object(Section)

    BuildAttributes$$THM_ISAv4$P$D$K$B$S$PE$A:L22UL41UL21$X:L11$S22US41US21$IEEE1$IW$USESV6$~STKCKD$USESV7$~SHL$OSPACE$ROPI$EBA8$MICROLIB$REQ8$PRES8$EABIv2 0x00000000   Number         0  anon$$obj.o ABSOLUTE
    __ARM_use_no_argv                        0x00000000   Number         0  main.o ABSOLUTE
    _printf_a                                0x00000000   Number         0  stubs.o ABSOLUTE
    _printf_c                                0x00000000   Number         0  stubs.o ABSOLUTE
    _printf_charcount                        0x00000000   Number         0  stubs.o ABSOLUTE
    _printf_d                                0x00000000   Number         0  stubs.o ABSOLUTE
    _printf_e                                0x00000000   Number         0  stubs.o ABSOLUTE
    _printf_f                                0x00000000   Number         0  stubs.o ABSOLUTE
    _printf_flags                            0x00000000   Number         0  stubs.o ABSOLUTE
    _printf_fp_dec                           0x00000000   Number         0  stubs.o ABSOLUTE
    _printf_fp_hex                           0x00000000   Number         0  stubs.o ABSOLUTE
    _printf_g                                0x00000000   Number         0  stubs.o ABSOLUTE
    _printf_i                                0x00000000   Number         0  stubs.o ABSOLUTE
    _printf_int_dec                          0x00000000   Number         0  stubs.o ABSOLUTE
    _printf_l                                0x00000000   Number         0  stubs.o ABSOLUTE
    _printf_lc                               0x00000000   Number         0  stubs.o ABSOLUTE
    _printf_ll                               0x00000000   Number         0  stubs.o ABSOLUTE
    _printf_lld                              0x00000000   Number         0  stubs.o ABSOLUTE
    _printf_lli                              0x00000000   Number         0  stubs.o ABSOLUTE
    _printf_llo                              0x00000000   Number         0  stubs.o ABSOLUTE
    _printf_llu                              0x00000000   Number         0  stubs.o ABSOLUTE
    _printf_llx                              0x00000000   Number         0  stubs.o ABSOLUTE
    _printf_longlong_dec                     0x00000000   Number         0  stubs.o ABSOLUTE
    _printf_longlong_hex                     0x00000000   Number         0  stubs.o ABSOLUTE
    _printf_longlong_oct                     0x00000000   Number         0  stubs.o ABSOLUTE
    _printf_ls                               0x00000000   Number         0  stubs.o ABSOLUTE
    _printf_mbtowc                           0x00000000   Number         0  stubs.o ABSOLUTE
    _printf_n                                0x00000000   Number         0  stubs.o ABSOLUTE
    _printf_o                                0x00000000   Number         0  stubs.o ABSOLUTE
    _printf_p                                0x00000000   Number         0  stubs.o ABSOLUTE
    _printf_percent                          0x00000000   Number         0  stubs.o ABSOLUTE
    _printf_pre_padding                      0x00000000   Number         0  stubs.o ABSOLUTE
    _printf_return_value                     0x00000000   Number         0  stubs.o ABSOLUTE
    _printf_s                                0x00000000   Number         0  stubs.o ABSOLUTE
    _printf_sizespec                         0x00000000   Number         0  stubs.o ABSOLUTE
    _printf_str                              0x00000000   Number         0  stubs.o ABSOLUTE
    _printf_truncate_signed                  0x00000000   Number         0  stubs.o ABSOLUTE
    _printf_truncate_unsigned                0x00000000   Number         0  stubs.o ABSOLUTE
    _printf_u                                0x00000000   Number         0  stubs.o ABSOLUTE
    _printf_wc                               0x00000000   Number         0  stubs.o ABSOLUTE
    _printf_wctomb                           0x00000000   Number         0  stubs.o ABSOLUTE
    _printf_widthprec                        0x00000000   Number         0  stubs.o ABSOLUTE
    _printf_x                                0x00000000   Number         0  stubs.o ABSOLUTE
    __cpp_initialize__aeabi_                  - Undefined Weak Reference
    __cxa_finalize                            - Undefined Weak Reference
    __decompress                              - Undefined Weak Reference
    _clock_init                               - Undefined Weak Reference
    _microlib_exit                            - Undefined Weak Reference
    __Vectors_Size                           0x00000130   Number         0  startup_stm32f10x_hd.o ABSOLUTE
    __Vectors                                0x08000000   Data           4  startup_stm32f10x_hd.o(RESET)
    __Vectors_End                            0x08000130   Data           0  startup_stm32f10x_hd.o(RESET)
    __main                                   0x08000131   Thumb Code     0  entry.o(.ARM.Collect$$$$00000000)
    _main_stk                                0x08000131   Thumb Code     0  entry2.o(.ARM.Collect$$$$00000001)
    _main_scatterload                        0x08000135   Thumb Code     0  entry5.o(.ARM.Collect$$$$00000004)
    __main_after_scatterload                 0x08000139   Thumb Code     0  entry5.o(.ARM.Collect$$$$00000004)
    _main_clock                              0x08000139   Thumb Code     0  entry7b.o(.ARM.Collect$$$$00000008)
    _main_cpp_init                           0x08000139   Thumb Code     0  entry8b.o(.ARM.Collect$$$$0000000A)
    _main_init                               0x08000139   Thumb Code     0  entry9a.o(.ARM.Collect$$$$0000000B)
    __rt_final_cpp                           0x08000141   Thumb Code     0  entry10a.o(.ARM.Collect$$$$0000000D)
    __rt_final_exit                          0x08000141   Thumb Code     0  entry11a.o(.ARM.Collect$$$$0000000F)
    SystemReset                              0x08000145   Thumb Code    16  httputil.o(.emb_text)
    Reset_Handler                            0x0800015d   Thumb Code     8  startup_stm32f10x_hd.o(.text)
    ADC1_2_IRQHandler                        0x08000177   Thumb Code     0  startup_stm32f10x_hd.o(.text)
    ADC3_IRQHandler                          0x08000177   Thumb Code     0  startup_stm32f10x_hd.o(.text)
    CAN1_RX1_IRQHandler                      0x08000177   Thumb Code     0  startup_stm32f10x_hd.o(.text)
    CAN1_SCE_IRQHandler                      0x08000177   Thumb Code     0  startup_stm32f10x_hd.o(.text)
    DMA1_Channel1_IRQHandler                 0x08000177   Thumb Code     0  startup_stm32f10x_hd.o(.text)
    DMA1_Channel2_IRQHandler                 0x08000177   Thumb Code     0  startup_stm32f10x_hd.o(.text)
    DMA1_Channel3_IRQHandler                 0x08000177   Thumb Code     0  startup_stm32f10x_hd.o(.text)
    DMA1_Channel4_IRQHandler                 0x08000177   Thumb Code     0  startup_stm32f10x_hd.o(.text)
    DMA1_Channel5_IRQHandler                 0x08000177   Thumb Code     0  startup_stm32f10x_hd.o(.text)
    DMA1_Channel6_IRQHandler                 0x08000177   Thumb Code     0  startup_stm32f10x_hd.o(.text)
    DMA1_Channel7_IRQHandler                 0x08000177   Thumb Code     0  startup_stm32f10x_hd.o(.text)
    DMA2_Channel1_IRQHandler                 0x08000177   Thumb Code     0  startup_stm32f10x_hd.o(.text)
    DMA2_Channel2_IRQHandler                 0x08000177   Thumb Code     0  startup_stm32f10x_hd.o(.text)
    DMA2_Channel3_IRQHandler                 0x08000177   Thumb Code     0  startup_stm32f10x_hd.o(.text)
    DMA2_Channel4_5_IRQHandler               0x08000177   Thumb Code     0  startup_stm32f10x_hd.o(.text)
    EXTI0_IRQHandler                         0x08000177   Thumb Code     0  startup_stm32f10x_hd.o(.text)
    EXTI15_10_IRQHandler                     0x08000177   Thumb Code     0  startup_stm32f10x_hd.o(.text)
    EXTI1_IRQHandler                         0x08000177   Thumb Code     0  startup_stm32f10x_hd.o(.text)
    EXTI2_IRQHandler                         0x08000177   Thumb Code     0  startup_stm32f10x_hd.o(.text)
    EXTI3_IRQHandler                         0x08000177   Thumb Code     0  startup_stm32f10x_hd.o(.text)
    EXTI4_IRQHandler                         0x08000177   Thumb Code     0  startup_stm32f10x_hd.o(.text)
    EXTI9_5_IRQHandler                       0x08000177   Thumb Code     0  startup_stm32f10x_hd.o(.text)
    FLASH_IRQHandler                         0x08000177   Thumb Code     0  startup_stm32f10x_hd.o(.text)
    FSMC_IRQHandler                          0x08000177   Thumb Code     0  startup_stm32f10x_hd.o(.text)
    I2C1_ER_IRQHandler                       0x08000177   Thumb Code     0  startup_stm32f10x_hd.o(.text)
    I2C1_EV_IRQHandler                       0x08000177   Thumb Code     0  startup_stm32f10x_hd.o(.text)
    I2C2_ER_IRQHandler                       0x08000177   Thumb Code     0  startup_stm32f10x_hd.o(.text)
    I2C2_EV_IRQHandler                       0x08000177   Thumb Code     0  startup_stm32f10x_hd.o(.text)
    PVD_IRQHandler                           0x08000177   Thumb Code     0  startup_stm32f10x_hd.o(.text)
    RCC_IRQHandler                           0x08000177   Thumb Code     0  startup_stm32f10x_hd.o(.text)
    RTCAlarm_IRQHandler                      0x08000177   Thumb Code     0  startup_stm32f10x_hd.o(.text)
    RTC_IRQHandler                           0x08000177   Thumb Code     0  startup_stm32f10x_hd.o(.text)
    SDIO_IRQHandler                          0x08000177   Thumb Code     0  startup_stm32f10x_hd.o(.text)
    SPI1_IRQHandler                          0x08000177   Thumb Code     0  startup_stm32f10x_hd.o(.text)
    SPI2_IRQHandler                          0x08000177   Thumb Code     0  startup_stm32f10x_hd.o(.text)
    SPI3_IRQHandler                          0x08000177   Thumb Code     0  startup_stm32f10x_hd.o(.text)
    TAMPER_IRQHandler                        0x08000177   Thumb Code     0  startup_stm32f10x_hd.o(.text)
    TIM1_BRK_IRQHandler                      0x08000177   Thumb Code     0  startup_stm32f10x_hd.o(.text)
    TIM1_CC_IRQHandler                       0x08000177   Thumb Code     0  startup_stm32f10x_hd.o(.text)
    TIM1_TRG_COM_IRQHandler                  0x08000177   Thumb Code     0  startup_stm32f10x_hd.o(.text)
    TIM3_IRQHandler                          0x08000177   Thumb Code     0  startup_stm32f10x_hd.o(.text)
    TIM4_IRQHandler                          0x08000177   Thumb Code     0  startup_stm32f10x_hd.o(.text)
    TIM5_IRQHandler                          0x08000177   Thumb Code     0  startup_stm32f10x_hd.o(.text)
    TIM6_IRQHandler                          0x08000177   Thumb Code     0  startup_stm32f10x_hd.o(.text)
    TIM7_IRQHandler                          0x08000177   Thumb Code     0  startup_stm32f10x_hd.o(.text)
    TIM8_BRK_IRQHandler                      0x08000177   Thumb Code     0  startup_stm32f10x_hd.o(.text)
    TIM8_CC_IRQHandler                       0x08000177   Thumb Code     0  startup_stm32f10x_hd.o(.text)
    TIM8_TRG_COM_IRQHandler                  0x08000177   Thumb Code     0  startup_stm32f10x_hd.o(.text)
    TIM8_UP_IRQHandler                       0x08000177   Thumb Code     0  startup_stm32f10x_hd.o(.text)
    UART4_IRQHandler                         0x08000177   Thumb Code     0  startup_stm32f10x_hd.o(.text)
    UART5_IRQHandler                         0x08000177   Thumb Code     0  startup_stm32f10x_hd.o(.text)
    USBWakeUp_IRQHandler                     0x08000177   Thumb Code     0  startup_stm32f10x_hd.o(.text)
    USB_HP_CAN1_TX_IRQHandler                0x08000177   Thumb Code     0  startup_stm32f10x_hd.o(.text)
    USB_LP_CAN1_RX0_IRQHandler               0x08000177   Thumb Code     0  startup_stm32f10x_hd.o(.text)
    WWDG_IRQHandler                          0x08000177   Thumb Code     0  startup_stm32f10x_hd.o(.text)
    SystemInit                               0x0800025f   Thumb Code    78  system_stm32f10x.o(.text)
    SystemCoreClockUpdate                    0x080002ad   Thumb Code   142  system_stm32f10x.o(.text)
    NVIC_PriorityGroupConfig                 0x08000361   Thumb Code    10  misc.o(.text)
    NVIC_Init                                0x0800036b   Thumb Code   100  misc.o(.text)
    NVIC_SetVectorTable                      0x080003cf   Thumb Code    14  misc.o(.text)
    NVIC_SystemLPConfig                      0x080003dd   Thumb Code    34  misc.o(.text)
    SysTick_CLKSourceConfig                  0x080003ff   Thumb Code    40  misc.o(.text)
    GPIO_DeInit                              0x0800043d   Thumb Code   172  stm32f10x_gpio.o(.text)
    GPIO_AFIODeInit                          0x080004e9   Thumb Code    20  stm32f10x_gpio.o(.text)
    GPIO_Init                                0x080004fd   Thumb Code   278  stm32f10x_gpio.o(.text)
    GPIO_StructInit                          0x08000613   Thumb Code    16  stm32f10x_gpio.o(.text)
    GPIO_ReadInputDataBit                    0x08000623   Thumb Code    18  stm32f10x_gpio.o(.text)
    GPIO_ReadInputData                       0x08000635   Thumb Code     8  stm32f10x_gpio.o(.text)
    GPIO_ReadOutputDataBit                   0x0800063d   Thumb Code    18  stm32f10x_gpio.o(.text)
    GPIO_ReadOutputData                      0x0800064f   Thumb Code     8  stm32f10x_gpio.o(.text)
    GPIO_SetBits                             0x08000657   Thumb Code     4  stm32f10x_gpio.o(.text)
    GPIO_ResetBits                           0x0800065b   Thumb Code     4  stm32f10x_gpio.o(.text)
    GPIO_WriteBit                            0x0800065f   Thumb Code    10  stm32f10x_gpio.o(.text)
    GPIO_Write                               0x08000669   Thumb Code     4  stm32f10x_gpio.o(.text)
    GPIO_PinLockConfig                       0x0800066d   Thumb Code    18  stm32f10x_gpio.o(.text)
    GPIO_EventOutputConfig                   0x0800067f   Thumb Code    26  stm32f10x_gpio.o(.text)
    GPIO_EventOutputCmd                      0x08000699   Thumb Code     6  stm32f10x_gpio.o(.text)
    GPIO_PinRemapConfig                      0x0800069f   Thumb Code   138  stm32f10x_gpio.o(.text)
    GPIO_EXTILineConfig                      0x08000729   Thumb Code    66  stm32f10x_gpio.o(.text)
    GPIO_ETH_MediaInterfaceConfig            0x0800076b   Thumb Code     8  stm32f10x_gpio.o(.text)
    RCC_DeInit                               0x08000799   Thumb Code    64  stm32f10x_rcc.o(.text)
    RCC_HSEConfig                            0x080007d9   Thumb Code    70  stm32f10x_rcc.o(.text)
    RCC_GetFlagStatus                        0x0800081f   Thumb Code    56  stm32f10x_rcc.o(.text)
    RCC_WaitForHSEStartUp                    0x08000857   Thumb Code    56  stm32f10x_rcc.o(.text)
    RCC_AdjustHSICalibrationValue            0x0800088f   Thumb Code    20  stm32f10x_rcc.o(.text)
    RCC_HSICmd                               0x080008a3   Thumb Code     6  stm32f10x_rcc.o(.text)
    RCC_PLLConfig                            0x080008a9   Thumb Code    24  stm32f10x_rcc.o(.text)
    RCC_PLLCmd                               0x080008c1   Thumb Code     6  stm32f10x_rcc.o(.text)
    RCC_SYSCLKConfig                         0x080008c7   Thumb Code    18  stm32f10x_rcc.o(.text)
    RCC_GetSYSCLKSource                      0x080008d9   Thumb Code    10  stm32f10x_rcc.o(.text)
    RCC_HCLKConfig                           0x080008e3   Thumb Code    18  stm32f10x_rcc.o(.text)
    RCC_PCLK1Config                          0x080008f5   Thumb Code    18  stm32f10x_rcc.o(.text)
    RCC_PCLK2Config                          0x08000907   Thumb Code    20  stm32f10x_rcc.o(.text)
    RCC_ITConfig                             0x0800091b   Thumb Code    26  stm32f10x_rcc.o(.text)
    RCC_USBCLKConfig                         0x08000935   Thumb Code     8  stm32f10x_rcc.o(.text)
    RCC_ADCCLKConfig                         0x0800093d   Thumb Code    18  stm32f10x_rcc.o(.text)
    RCC_LSEConfig                            0x0800094f   Thumb Code    50  stm32f10x_rcc.o(.text)
    RCC_LSICmd                               0x08000981   Thumb Code     6  stm32f10x_rcc.o(.text)
    RCC_RTCCLKConfig                         0x08000987   Thumb Code    12  stm32f10x_rcc.o(.text)
    RCC_RTCCLKCmd                            0x08000993   Thumb Code     8  stm32f10x_rcc.o(.text)
    RCC_GetClocksFreq                        0x0800099b   Thumb Code   192  stm32f10x_rcc.o(.text)
    RCC_AHBPeriphClockCmd                    0x08000a5b   Thumb Code    26  stm32f10x_rcc.o(.text)
    RCC_APB2PeriphClockCmd                   0x08000a75   Thumb Code    26  stm32f10x_rcc.o(.text)
    RCC_APB1PeriphClockCmd                   0x08000a8f   Thumb Code    26  stm32f10x_rcc.o(.text)
    RCC_APB2PeriphResetCmd                   0x08000aa9   Thumb Code    26  stm32f10x_rcc.o(.text)
    RCC_APB1PeriphResetCmd                   0x08000ac3   Thumb Code    26  stm32f10x_rcc.o(.text)
    RCC_BackupResetCmd                       0x08000add   Thumb Code     8  stm32f10x_rcc.o(.text)
    RCC_ClockSecuritySystemCmd               0x08000ae5   Thumb Code     6  stm32f10x_rcc.o(.text)
    RCC_MCOConfig                            0x08000aeb   Thumb Code     6  stm32f10x_rcc.o(.text)
    RCC_ClearFlag                            0x08000af1   Thumb Code    14  stm32f10x_rcc.o(.text)
    RCC_GetITStatus                          0x08000aff   Thumb Code    20  stm32f10x_rcc.o(.text)
    RCC_ClearITPendingBit                    0x08000b13   Thumb Code     6  stm32f10x_rcc.o(.text)
    USART_DeInit                             0x08000b3d   Thumb Code   134  stm32f10x_usart.o(.text)
    USART_Init                               0x08000bc3   Thumb Code   210  stm32f10x_usart.o(.text)
    USART_StructInit                         0x08000c95   Thumb Code    24  stm32f10x_usart.o(.text)
    USART_ClockInit                          0x08000cad   Thumb Code    34  stm32f10x_usart.o(.text)
    USART_ClockStructInit                    0x08000ccf   Thumb Code    12  stm32f10x_usart.o(.text)
    USART_Cmd                                0x08000cdb   Thumb Code    24  stm32f10x_usart.o(.text)
    USART_ITConfig                           0x08000cf3   Thumb Code    74  stm32f10x_usart.o(.text)
    USART_DMACmd                             0x08000d3d   Thumb Code    18  stm32f10x_usart.o(.text)
    USART_SetAddress                         0x08000d4f   Thumb Code    18  stm32f10x_usart.o(.text)
    USART_WakeUpConfig                       0x08000d61   Thumb Code    18  stm32f10x_usart.o(.text)
    USART_ReceiverWakeUpCmd                  0x08000d73   Thumb Code    24  stm32f10x_usart.o(.text)
    USART_LINBreakDetectLengthConfig         0x08000d8b   Thumb Code    18  stm32f10x_usart.o(.text)
    USART_LINCmd                             0x08000d9d   Thumb Code    24  stm32f10x_usart.o(.text)
    USART_SendData                           0x08000db5   Thumb Code     8  stm32f10x_usart.o(.text)
    USART_ReceiveData                        0x08000dbd   Thumb Code    10  stm32f10x_usart.o(.text)
    USART_SendBreak                          0x08000dc7   Thumb Code    10  stm32f10x_usart.o(.text)
    USART_SetGuardTime                       0x08000dd1   Thumb Code    16  stm32f10x_usart.o(.text)
    USART_SetPrescaler                       0x08000de1   Thumb Code    16  stm32f10x_usart.o(.text)
    USART_SmartCardCmd                       0x08000df1   Thumb Code    24  stm32f10x_usart.o(.text)
    USART_SmartCardNACKCmd                   0x08000e09   Thumb Code    24  stm32f10x_usart.o(.text)
    USART_HalfDuplexCmd                      0x08000e21   Thumb Code    24  stm32f10x_usart.o(.text)
    USART_OverSampling8Cmd                   0x08000e39   Thumb Code    22  stm32f10x_usart.o(.text)
    USART_OneBitMethodCmd                    0x08000e4f   Thumb Code    24  stm32f10x_usart.o(.text)
    USART_IrDAConfig                         0x08000e67   Thumb Code    18  stm32f10x_usart.o(.text)
    USART_IrDACmd                            0x08000e79   Thumb Code    24  stm32f10x_usart.o(.text)
    USART_GetFlagStatus                      0x08000e91   Thumb Code    26  stm32f10x_usart.o(.text)
    USART_ClearFlag                          0x08000eab   Thumb Code    18  stm32f10x_usart.o(.text)
    USART_GetITStatus                        0x08000ebd   Thumb Code    84  stm32f10x_usart.o(.text)
    USART_ClearITPendingBit                  0x08000f11   Thumb Code    52  stm32f10x_usart.o(.text)
    ADC_DeInit                               0x08000f45   Thumb Code    78  stm32f10x_adc.o(.text)
    ADC_Init                                 0x08000f93   Thumb Code    70  stm32f10x_adc.o(.text)
    ADC_StructInit                           0x08000fd9   Thumb Code    18  stm32f10x_adc.o(.text)
    ADC_Cmd                                  0x08000feb   Thumb Code    22  stm32f10x_adc.o(.text)
    ADC_DMACmd                               0x08001001   Thumb Code    22  stm32f10x_adc.o(.text)
    ADC_ITConfig                             0x08001017   Thumb Code    24  stm32f10x_adc.o(.text)
    ADC_ResetCalibration                     0x0800102f   Thumb Code    10  stm32f10x_adc.o(.text)
    ADC_GetResetCalibrationStatus            0x08001039   Thumb Code    20  stm32f10x_adc.o(.text)
    ADC_StartCalibration                     0x0800104d   Thumb Code    10  stm32f10x_adc.o(.text)
    ADC_GetCalibrationStatus                 0x08001057   Thumb Code    20  stm32f10x_adc.o(.text)
    ADC_SoftwareStartConvCmd                 0x0800106b   Thumb Code    22  stm32f10x_adc.o(.text)
    ADC_GetSoftwareStartConvStatus           0x08001081   Thumb Code    20  stm32f10x_adc.o(.text)
    ADC_DiscModeChannelCountConfig           0x08001095   Thumb Code    24  stm32f10x_adc.o(.text)
    ADC_DiscModeCmd                          0x080010ad   Thumb Code    22  stm32f10x_adc.o(.text)
    ADC_RegularChannelConfig                 0x080010c3   Thumb Code   184  stm32f10x_adc.o(.text)
    ADC_ExternalTrigConvCmd                  0x0800117b   Thumb Code    22  stm32f10x_adc.o(.text)
    ADC_GetConversionValue                   0x08001191   Thumb Code     8  stm32f10x_adc.o(.text)
    ADC_GetDualModeConversionValue           0x08001199   Thumb Code     8  stm32f10x_adc.o(.text)
    ADC_AutoInjectedConvCmd                  0x080011a1   Thumb Code    22  stm32f10x_adc.o(.text)
    ADC_InjectedDiscModeCmd                  0x080011b7   Thumb Code    22  stm32f10x_adc.o(.text)
    ADC_ExternalTrigInjectedConvConfig       0x080011cd   Thumb Code    16  stm32f10x_adc.o(.text)
    ADC_ExternalTrigInjectedConvCmd          0x080011dd   Thumb Code    22  stm32f10x_adc.o(.text)
    ADC_SoftwareStartInjectedConvCmd         0x080011f3   Thumb Code    22  stm32f10x_adc.o(.text)
    ADC_GetSoftwareStartInjectedConvCmdStatus 0x08001209   Thumb Code    20  stm32f10x_adc.o(.text)
    ADC_InjectedChannelConfig                0x0800121d   Thumb Code   130  stm32f10x_adc.o(.text)
    ADC_InjectedSequencerLengthConfig        0x0800129f   Thumb Code    24  stm32f10x_adc.o(.text)
    ADC_SetInjectedOffset                    0x080012b7   Thumb Code    20  stm32f10x_adc.o(.text)
    ADC_GetInjectedConversionValue           0x080012cb   Thumb Code    28  stm32f10x_adc.o(.text)
    ADC_AnalogWatchdogCmd                    0x080012e7   Thumb Code    16  stm32f10x_adc.o(.text)
    ADC_AnalogWatchdogThresholdsConfig       0x080012f7   Thumb Code     6  stm32f10x_adc.o(.text)
    ADC_AnalogWatchdogSingleChannelConfig    0x080012fd   Thumb Code    16  stm32f10x_adc.o(.text)
    ADC_TempSensorVrefintCmd                 0x0800130d   Thumb Code    64  stm32f10x_adc.o(.text)
    ADC_GetFlagStatus                        0x0800134d   Thumb Code    18  stm32f10x_adc.o(.text)
    ADC_ClearFlag                            0x0800135f   Thumb Code     6  stm32f10x_adc.o(.text)
    ADC_GetITStatus                          0x08001365   Thumb Code    36  stm32f10x_adc.o(.text)
    ADC_ClearITPendingBit                    0x08001389   Thumb Code    10  stm32f10x_adc.o(.text)
    TIM_DeInit                               0x08001395   Thumb Code   424  stm32f10x_tim.o(.text)
    TIM_TimeBaseInit                         0x0800153d   Thumb Code   122  stm32f10x_tim.o(.text)
    TIM_OC1Init                              0x080015b7   Thumb Code   132  stm32f10x_tim.o(.text)
    TIM_OC2Init                              0x0800163b   Thumb Code   154  stm32f10x_tim.o(.text)
    TIM_OC3Init                              0x080016d5   Thumb Code   150  stm32f10x_tim.o(.text)
    TIM_OC4Init                              0x0800176b   Thumb Code   182  stm32f10x_tim.o(.text)
    TIM_SetIC4Prescaler                      0x08001821   Thumb Code    26  stm32f10x_tim.o(.text)
    TIM_SetIC3Prescaler                      0x080018bd   Thumb Code    18  stm32f10x_tim.o(.text)
    TIM_SetIC2Prescaler                      0x08001949   Thumb Code    26  stm32f10x_tim.o(.text)
    TIM_SetIC1Prescaler                      0x080019e5   Thumb Code    18  stm32f10x_tim.o(.text)
    TIM_ICInit                               0x08001a63   Thumb Code   150  stm32f10x_tim.o(.text)
    TIM_PWMIConfig                           0x08001af9   Thumb Code   124  stm32f10x_tim.o(.text)
    TIM_BDTRConfig                           0x08001b75   Thumb Code    32  stm32f10x_tim.o(.text)
    TIM_TimeBaseStructInit                   0x08001b95   Thumb Code    18  stm32f10x_tim.o(.text)
    TIM_OCStructInit                         0x08001ba7   Thumb Code    20  stm32f10x_tim.o(.text)
    TIM_ICStructInit                         0x08001bbb   Thumb Code    18  stm32f10x_tim.o(.text)
    TIM_BDTRStructInit                       0x08001bcd   Thumb Code    40  stm32f10x_tim.o(.text)
    TIM_Cmd                                  0x08001bf5   Thumb Code    24  stm32f10x_tim.o(.text)
    TIM_CtrlPWMOutputs                       0x08001c0d   Thumb Code    30  stm32f10x_tim.o(.text)
    TIM_ITConfig                             0x08001c2b   Thumb Code    18  stm32f10x_tim.o(.text)
    TIM_GenerateEvent                        0x08001c3d   Thumb Code     4  stm32f10x_tim.o(.text)
    TIM_DMAConfig                            0x08001c41   Thumb Code    10  stm32f10x_tim.o(.text)
    TIM_DMACmd                               0x08001c4b   Thumb Code    18  stm32f10x_tim.o(.text)
    TIM_InternalClockConfig                  0x08001c5d   Thumb Code    12  stm32f10x_tim.o(.text)
    TIM_SelectInputTrigger                   0x08001c69   Thumb Code    18  stm32f10x_tim.o(.text)
    TIM_ITRxExternalClockConfig              0x08001c7b   Thumb Code    24  stm32f10x_tim.o(.text)
    TIM_TIxExternalClockConfig               0x08001c93   Thumb Code    62  stm32f10x_tim.o(.text)
    TIM_ETRConfig                            0x08001cd1   Thumb Code    28  stm32f10x_tim.o(.text)
    TIM_ETRClockMode1Config                  0x08001ced   Thumb Code    54  stm32f10x_tim.o(.text)
    TIM_ETRClockMode2Config                  0x08001d23   Thumb Code    32  stm32f10x_tim.o(.text)
    TIM_PrescalerConfig                      0x08001d43   Thumb Code     6  stm32f10x_tim.o(.text)
    TIM_CounterModeConfig                    0x08001d49   Thumb Code    18  stm32f10x_tim.o(.text)
    TIM_EncoderInterfaceConfig               0x08001d5b   Thumb Code    66  stm32f10x_tim.o(.text)
    TIM_ForcedOC1Config                      0x08001d9d   Thumb Code    18  stm32f10x_tim.o(.text)
    TIM_ForcedOC2Config                      0x08001daf   Thumb Code    26  stm32f10x_tim.o(.text)
    TIM_ForcedOC3Config                      0x08001dc9   Thumb Code    18  stm32f10x_tim.o(.text)
    TIM_ForcedOC4Config                      0x08001ddb   Thumb Code    26  stm32f10x_tim.o(.text)
    TIM_ARRPreloadConfig                     0x08001df5   Thumb Code    24  stm32f10x_tim.o(.text)
    TIM_SelectCOM                            0x08001e0d   Thumb Code    24  stm32f10x_tim.o(.text)
    TIM_SelectCCDMA                          0x08001e25   Thumb Code    24  stm32f10x_tim.o(.text)
    TIM_CCPreloadControl                     0x08001e3d   Thumb Code    24  stm32f10x_tim.o(.text)
    TIM_OC1PreloadConfig                     0x08001e55   Thumb Code    18  stm32f10x_tim.o(.text)
    TIM_OC2PreloadConfig                     0x08001e67   Thumb Code    26  stm32f10x_tim.o(.text)
    TIM_OC3PreloadConfig                     0x08001e81   Thumb Code    18  stm32f10x_tim.o(.text)
    TIM_OC4PreloadConfig                     0x08001e93   Thumb Code    26  stm32f10x_tim.o(.text)
    TIM_OC1FastConfig                        0x08001ead   Thumb Code    18  stm32f10x_tim.o(.text)
    TIM_OC2FastConfig                        0x08001ebf   Thumb Code    26  stm32f10x_tim.o(.text)
    TIM_OC3FastConfig                        0x08001ed9   Thumb Code    18  stm32f10x_tim.o(.text)
    TIM_OC4FastConfig                        0x08001eeb   Thumb Code    26  stm32f10x_tim.o(.text)
    TIM_ClearOC1Ref                          0x08001f05   Thumb Code    18  stm32f10x_tim.o(.text)
    TIM_ClearOC2Ref                          0x08001f17   Thumb Code    24  stm32f10x_tim.o(.text)
    TIM_ClearOC3Ref                          0x08001f2f   Thumb Code    18  stm32f10x_tim.o(.text)
    TIM_ClearOC4Ref                          0x08001f41   Thumb Code    24  stm32f10x_tim.o(.text)
    TIM_OC1PolarityConfig                    0x08001f59   Thumb Code    18  stm32f10x_tim.o(.text)
    TIM_OC1NPolarityConfig                   0x08001f6b   Thumb Code    18  stm32f10x_tim.o(.text)
    TIM_OC2PolarityConfig                    0x08001f7d   Thumb Code    26  stm32f10x_tim.o(.text)
    TIM_OC2NPolarityConfig                   0x08001f97   Thumb Code    26  stm32f10x_tim.o(.text)
    TIM_OC3PolarityConfig                    0x08001fb1   Thumb Code    26  stm32f10x_tim.o(.text)
    TIM_OC3NPolarityConfig                   0x08001fcb   Thumb Code    26  stm32f10x_tim.o(.text)
    TIM_OC4PolarityConfig                    0x08001fe5   Thumb Code    26  stm32f10x_tim.o(.text)
    TIM_CCxCmd                               0x08001fff   Thumb Code    30  stm32f10x_tim.o(.text)
    TIM_CCxNCmd                              0x0800201d   Thumb Code    30  stm32f10x_tim.o(.text)
    TIM_SelectOCxM                           0x0800203b   Thumb Code    82  stm32f10x_tim.o(.text)
    TIM_UpdateDisableConfig                  0x0800208d   Thumb Code    24  stm32f10x_tim.o(.text)
    TIM_UpdateRequestConfig                  0x080020a5   Thumb Code    24  stm32f10x_tim.o(.text)
    TIM_SelectHallSensor                     0x080020bd   Thumb Code    24  stm32f10x_tim.o(.text)
    TIM_SelectOnePulseMode                   0x080020d5   Thumb Code    18  stm32f10x_tim.o(.text)
    TIM_SelectOutputTrigger                  0x080020e7   Thumb Code    18  stm32f10x_tim.o(.text)
    TIM_SelectSlaveMode                      0x080020f9   Thumb Code    18  stm32f10x_tim.o(.text)
    TIM_SelectMasterSlaveMode                0x0800210b   Thumb Code    18  stm32f10x_tim.o(.text)
    TIM_SetCounter                           0x0800211d   Thumb Code     4  stm32f10x_tim.o(.text)
    TIM_SetAutoreload                        0x08002121   Thumb Code     4  stm32f10x_tim.o(.text)
    TIM_SetCompare1                          0x08002125   Thumb Code     4  stm32f10x_tim.o(.text)
    TIM_SetCompare2                          0x08002129   Thumb Code     4  stm32f10x_tim.o(.text)
    TIM_SetCompare3                          0x0800212d   Thumb Code     4  stm32f10x_tim.o(.text)
    TIM_SetCompare4                          0x08002131   Thumb Code     6  stm32f10x_tim.o(.text)
    TIM_SetClockDivision                     0x08002137   Thumb Code    18  stm32f10x_tim.o(.text)
    TIM_GetCapture1                          0x08002149   Thumb Code     6  stm32f10x_tim.o(.text)
    TIM_GetCapture2                          0x0800214f   Thumb Code     6  stm32f10x_tim.o(.text)
    TIM_GetCapture3                          0x08002155   Thumb Code     6  stm32f10x_tim.o(.text)
    TIM_GetCapture4                          0x0800215b   Thumb Code     8  stm32f10x_tim.o(.text)
    TIM_GetCounter                           0x08002163   Thumb Code     6  stm32f10x_tim.o(.text)
    TIM_GetPrescaler                         0x08002169   Thumb Code     6  stm32f10x_tim.o(.text)
    TIM_GetFlagStatus                        0x0800216f   Thumb Code    18  stm32f10x_tim.o(.text)
    TIM_ClearFlag                            0x08002181   Thumb Code     6  stm32f10x_tim.o(.text)
    TIM_GetITStatus                          0x08002187   Thumb Code    34  stm32f10x_tim.o(.text)
    TIM_ClearITPendingBit                    0x080021a9   Thumb Code     6  stm32f10x_tim.o(.text)
    FLASH_SetLatency                         0x080021b1   Thumb Code    18  stm32f10x_flash.o(.text)
    FLASH_HalfCycleAccessCmd                 0x080021c3   Thumb Code    22  stm32f10x_flash.o(.text)
    FLASH_PrefetchBufferCmd                  0x080021d9   Thumb Code    22  stm32f10x_flash.o(.text)
    FLASH_Unlock                             0x080021ef   Thumb Code    12  stm32f10x_flash.o(.text)
    FLASH_UnlockBank1                        0x080021fb   Thumb Code    12  stm32f10x_flash.o(.text)
    FLASH_Lock                               0x08002207   Thumb Code    14  stm32f10x_flash.o(.text)
    FLASH_LockBank1                          0x08002215   Thumb Code    14  stm32f10x_flash.o(.text)
    FLASH_GetBank1Status                     0x08002223   Thumb Code    48  stm32f10x_flash.o(.text)
    FLASH_WaitForLastOperation               0x08002253   Thumb Code    38  stm32f10x_flash.o(.text)
    FLASH_ErasePage                          0x08002279   Thumb Code    72  stm32f10x_flash.o(.text)
    FLASH_EraseAllPages                      0x080022c1   Thumb Code    68  stm32f10x_flash.o(.text)
    FLASH_WaitForLastBank1Operation          0x08002305   Thumb Code    38  stm32f10x_flash.o(.text)
    FLASH_EraseAllBank1Pages                 0x0800232b   Thumb Code    68  stm32f10x_flash.o(.text)
    FLASH_GetReadOutProtectionStatus         0x0800236f   Thumb Code    20  stm32f10x_flash.o(.text)
    FLASH_EraseOptionBytes                   0x08002383   Thumb Code   150  stm32f10x_flash.o(.text)
    FLASH_ProgramWord                        0x08002419   Thumb Code   102  stm32f10x_flash.o(.text)
    FLASH_ProgramHalfWord                    0x0800247f   Thumb Code    60  stm32f10x_flash.o(.text)
    FLASH_ProgramOptionByteData              0x080024bb   Thumb Code    72  stm32f10x_flash.o(.text)
    FLASH_EnableWriteProtection              0x08002503   Thumb Code   200  stm32f10x_flash.o(.text)
    FLASH_ReadOutProtection                  0x080025cb   Thumb Code   156  stm32f10x_flash.o(.text)
    FLASH_UserOptionByteConfig               0x08002667   Thumb Code    88  stm32f10x_flash.o(.text)
    FLASH_GetUserOptionByte                  0x080026bf   Thumb Code     8  stm32f10x_flash.o(.text)
    FLASH_GetWriteProtectionOptionByte       0x080026c7   Thumb Code     6  stm32f10x_flash.o(.text)
    FLASH_GetPrefetchBufferStatus            0x080026cd   Thumb Code    20  stm32f10x_flash.o(.text)
    FLASH_ITConfig                           0x080026e1   Thumb Code    26  stm32f10x_flash.o(.text)
    FLASH_GetFlagStatus                      0x080026fb   Thumb Code    42  stm32f10x_flash.o(.text)
    FLASH_ClearFlag                          0x08002725   Thumb Code     6  stm32f10x_flash.o(.text)
    FLASH_GetStatus                          0x0800272b   Thumb Code    48  stm32f10x_flash.o(.text)
    SPI_I2S_DeInit                           0x0800276d   Thumb Code    76  stm32f10x_spi.o(.text)
    SPI_Init                                 0x080027b9   Thumb Code    60  stm32f10x_spi.o(.text)
    I2S_Init                                 0x080027f5   Thumb Code   226  stm32f10x_spi.o(.text)
    SPI_StructInit                           0x080028d7   Thumb Code    24  stm32f10x_spi.o(.text)
    I2S_StructInit                           0x080028ef   Thumb Code    20  stm32f10x_spi.o(.text)
    SPI_Cmd                                  0x08002903   Thumb Code    24  stm32f10x_spi.o(.text)
    I2S_Cmd                                  0x0800291b   Thumb Code    24  stm32f10x_spi.o(.text)
    SPI_I2S_ITConfig                         0x08002933   Thumb Code    32  stm32f10x_spi.o(.text)
    SPI_I2S_DMACmd                           0x08002953   Thumb Code    18  stm32f10x_spi.o(.text)
    SPI_I2S_SendData                         0x08002965   Thumb Code     4  stm32f10x_spi.o(.text)
    SPI_I2S_ReceiveData                      0x08002969   Thumb Code     6  stm32f10x_spi.o(.text)
    SPI_NSSInternalSoftwareConfig            0x0800296f   Thumb Code    30  stm32f10x_spi.o(.text)
    SPI_SSOutputCmd                          0x0800298d   Thumb Code    24  stm32f10x_spi.o(.text)
    SPI_DataSizeConfig                       0x080029a5   Thumb Code    18  stm32f10x_spi.o(.text)
    SPI_TransmitCRC                          0x080029b7   Thumb Code    10  stm32f10x_spi.o(.text)
    SPI_CalculateCRC                         0x080029c1   Thumb Code    24  stm32f10x_spi.o(.text)
    SPI_GetCRC                               0x080029d9   Thumb Code    16  stm32f10x_spi.o(.text)
    SPI_GetCRCPolynomial                     0x080029e9   Thumb Code     6  stm32f10x_spi.o(.text)
    SPI_BiDirectionalLineConfig              0x080029ef   Thumb Code    28  stm32f10x_spi.o(.text)
    SPI_I2S_GetFlagStatus                    0x08002a0b   Thumb Code    18  stm32f10x_spi.o(.text)
    SPI_I2S_ClearFlag                        0x08002a1d   Thumb Code     6  stm32f10x_spi.o(.text)
    SPI_I2S_GetITStatus                      0x08002a23   Thumb Code    52  stm32f10x_spi.o(.text)
    SPI_I2S_ClearITPendingBit                0x08002a57   Thumb Code    20  stm32f10x_spi.o(.text)
    Delay_ms                                 0x08002a79   Thumb Code    44  main.o(.text)
    set_pm25_rst_pin                         0x08002aa5   Thumb Code    38  main.o(.text)
    main                                     0x08002acb   Thumb Code   110  main.o(.text)
    System_RCC_Configuration1                0x08002b6d   Thumb Code   212  stm32config.o(.text)
    System_RCC_Configuration                 0x08002c41   Thumb Code   214  stm32config.o(.text)
    NVIC_Configuration                       0x08002d17   Thumb Code    22  stm32config.o(.text)
    HCHO_Usart1_Init                         0x08002d2d   Thumb Code   162  stm32config.o(.text)
    TIM3_Int_Init                            0x08002dcf   Thumb Code    90  stm32config.o(.text)
    TIM4_Int_Init                            0x08002e29   Thumb Code    90  stm32config.o(.text)
    HOCO_TIM1_init                           0x08002e83   Thumb Code    94  stm32config.o(.text)
    Key_Init                                 0x08002ee1   Thumb Code    30  stm32config.o(.text)
    beep_init                                0x08002eff   Thumb Code    38  stm32config.o(.text)
    beep_di                                  0x08002f25   Thumb Code    44  stm32config.o(.text)
    beep_didi                                0x08002f51   Thumb Code    12  stm32config.o(.text)
    beep_didididi                            0x08002f5d   Thumb Code    20  stm32config.o(.text)
    key_process                              0x08002f71   Thumb Code    68  stm32config.o(.text)
    NMI_Handler                              0x08002fe1   Thumb Code     2  stm32f10x_it.o(.text)
    HardFault_Handler                        0x08002fe3   Thumb Code     4  stm32f10x_it.o(.text)
    MemManage_Handler                        0x08002fe7   Thumb Code     4  stm32f10x_it.o(.text)
    BusFault_Handler                         0x08002feb   Thumb Code     4  stm32f10x_it.o(.text)
    UsageFault_Handler                       0x08002fef   Thumb Code     4  stm32f10x_it.o(.text)
    SVC_Handler                              0x08002ff3   Thumb Code     2  stm32f10x_it.o(.text)
    DebugMon_Handler                         0x08002ff5   Thumb Code     2  stm32f10x_it.o(.text)
    PendSV_Handler                           0x08002ff7   Thumb Code     2  stm32f10x_it.o(.text)
    SysTick_Handler                          0x08002ff9   Thumb Code     2  stm32f10x_it.o(.text)
    TIM2_IRQHandler                          0x08002ffb   Thumb Code     8  stm32f10x_it.o(.text)
    relay_init                               0x08003005   Thumb Code    88  app_processevents.o(.text)
    cmd_para_init                            0x0800305d   Thumb Code    24  app_processevents.o(.text)
    Relay1_ON                                0x08003075   Thumb Code    12  app_processevents.o(.text)
    Relay2_ON                                0x08003081   Thumb Code    12  app_processevents.o(.text)
    Relay3_ON                                0x0800308d   Thumb Code    14  app_processevents.o(.text)
    Relay4_ON                                0x0800309b   Thumb Code    14  app_processevents.o(.text)
    Relay5_ON                                0x080030a9   Thumb Code    14  app_processevents.o(.text)
    Relay6_ON                                0x080030b7   Thumb Code    14  app_processevents.o(.text)
    Relay7_ON                                0x080030c5   Thumb Code    14  app_processevents.o(.text)
    Relay8_ON                                0x080030d3   Thumb Code    14  app_processevents.o(.text)
    Relay1_OFF                               0x080030e1   Thumb Code    12  app_processevents.o(.text)
    Relay2_OFF                               0x080030ed   Thumb Code    12  app_processevents.o(.text)
    Relay3_OFF                               0x080030f9   Thumb Code    14  app_processevents.o(.text)
    Relay4_OFF                               0x08003107   Thumb Code    14  app_processevents.o(.text)
    Relay5_OFF                               0x08003115   Thumb Code    14  app_processevents.o(.text)
    Relay6_OFF                               0x08003123   Thumb Code    14  app_processevents.o(.text)
    Relay7_OFF                               0x08003131   Thumb Code    14  app_processevents.o(.text)
    Relay8_OFF                               0x0800313f   Thumb Code    14  app_processevents.o(.text)
    Get_Switch1                              0x0800314d   Thumb Code    14  app_processevents.o(.text)
    Get_Switch2                              0x0800315b   Thumb Code    14  app_processevents.o(.text)
    Get_Switch3                              0x08003169   Thumb Code    12  app_processevents.o(.text)
    Get_Switch4                              0x08003175   Thumb Code    12  app_processevents.o(.text)
    set_relay                                0x080032c3   Thumb Code    54  app_processevents.o(.text)
    set_8_relay                              0x080032f9   Thumb Code    42  app_processevents.o(.text)
    get_8_relay                              0x08003323   Thumb Code    28  app_processevents.o(.text)
    get_relay                                0x0800333f   Thumb Code    20  app_processevents.o(.text)
    Alarm_Signl_Set                          0x08003381   Thumb Code    44  app_processevents.o(.text)
    alarm_process                            0x080034c1   Thumb Code    90  app_processevents.o(.text)
    Stop_Alarm_Resend                        0x0800353d   Thumb Code    14  app_processevents.o(.text)
    Para_Write                               0x0800354b   Thumb Code    50  app_processevents.o(.text)
    SET_RELAY                                0x08003603   Thumb Code    20  app_processevents.o(.text)
    Alarm_Resend                             0x08003617   Thumb Code   100  app_processevents.o(.text)
    Operate_SET_RELAY                        0x080036e5   Thumb Code   414  app_processevents.o(.text)
    Operate_READ_RELAY                       0x08003883   Thumb Code   278  app_processevents.o(.text)
    Operate_STATE                            0x08003999   Thumb Code   190  app_processevents.o(.text)
    Operate_GET_INPUT                        0x08003a57   Thumb Code   196  app_processevents.o(.text)
    Operate_ALARM                            0x08003b1b   Thumb Code    92  app_processevents.o(.text)
    Operate_SET_NONC                         0x08003b77   Thumb Code   366  app_processevents.o(.text)
    Operate_GET_NONC                         0x08003ce5   Thumb Code   196  app_processevents.o(.text)
    Operate_SET_SW                           0x08003da9   Thumb Code   310  app_processevents.o(.text)
    Operate_SET_ALARM                        0x08003edf   Thumb Code   306  app_processevents.o(.text)
    Operate_SET_PORT                         0x08004011   Thumb Code   288  app_processevents.o(.text)
    Operate_SET_ALL                          0x08004131   Thumb Code   280  app_processevents.o(.text)
    Operate_SCAN_DEVICE                      0x08004249   Thumb Code    42  app_processevents.o(.text)
    Operate_HOST                             0x08004273   Thumb Code    70  app_processevents.o(.text)
    app_process_cmd                          0x080042b9   Thumb Code   154  app_processevents.o(.text)
    delay_init                               0x080043b9   Thumb Code    42  delay.o(.text)
    delay_us                                 0x080043e3   Thumb Code    72  delay.o(.text)
    delay_ms                                 0x0800442b   Thumb Code    72  delay.o(.text)
    net_hardware_err                         0x0800447d   Thumb Code    28  wifi.o(.text)
    net_gpio                                 0x08004499   Thumb Code    38  wifi.o(.text)
    net_clr_com_state                        0x080044bf   Thumb Code    12  wifi.o(.text)
    net_com_state                            0x080044cb   Thumb Code     6  wifi.o(.text)
    com_clr_com_state                        0x080044d1   Thumb Code    12  wifi.o(.text)
    com_com_state                            0x080044dd   Thumb Code     6  wifi.o(.text)
    net_usart2                               0x080044e3   Thumb Code   154  wifi.o(.text)
    com_usart3                               0x0800457d   Thumb Code   160  wifi.o(.text)
    fputc                                    0x0800461d   Thumb Code    32  wifi.o(.text)
    USART2_Putc                              0x0800463d   Thumb Code    28  wifi.o(.text)
    USART2_Puts                              0x08004659   Thumb Code    38  wifi.o(.text)
    GetKey                                   0x0800467f   Thumb Code    26  wifi.o(.text)
    start_net_interval                       0x08004699   Thumb Code    56  wifi.o(.text)
    start_com_interval                       0x080046d1   Thumb Code    54  wifi.o(.text)
    close_net_interval                       0x08004707   Thumb Code    12  wifi.o(.text)
    TIM1_UP_IRQHandler                       0x08004713   Thumb Code   136  wifi.o(.text)
    net_clr_rx_buf                           0x0800479b   Thumb Code    12  wifi.o(.text)
    com_clr_rx_buf                           0x080047a7   Thumb Code    12  wifi.o(.text)
    net_buffer_input                         0x080047b3   Thumb Code   108  wifi.o(.text)
    net_buffer_output                        0x080048c9   Thumb Code    78  wifi.o(.text)
    com_buffer_output                        0x08004917   Thumb Code    78  wifi.o(.text)
    net_buffer_output_num                    0x08004965   Thumb Code    36  wifi.o(.text)
    com_buffer_output_num                    0x08004989   Thumb Code    36  wifi.o(.text)
    net_val_init                             0x080049ad   Thumb Code    26  wifi.o(.text)
    com_val_init                             0x080049c7   Thumb Code    22  wifi.o(.text)
    set_net_interval                         0x080049dd   Thumb Code    10  wifi.o(.text)
    clr_buf                                  0x080049e7   Thumb Code    22  wifi.o(.text)
    add_one_byte                             0x080049fd   Thumb Code    32  wifi.o(.text)
    del_one_byte                             0x08004a1d   Thumb Code    24  wifi.o(.text)
    get_buf_len                              0x08004a35   Thumb Code    44  wifi.o(.text)
    del_bytes                                0x08004a61   Thumb Code    50  wifi.o(.text)
    atohex                                   0x08004a93   Thumb Code    38  wifi.o(.text)
    chartohex                                0x08004ab9   Thumb Code    34  wifi.o(.text)
    process_com_buf                          0x08004adb   Thumb Code    48  wifi.o(.text)
    USART3_IRQHandler                        0x08004b0b   Thumb Code    34  wifi.o(.text)
    USART2_IRQHandler                        0x08004b2d   Thumb Code    40  wifi.o(.text)
    com_init                                 0x08004b55   Thumb Code    12  wifi.o(.text)
    net_send                                 0x08004b61   Thumb Code    64  wifi.o(.text)
    com_send                                 0x08004ba1   Thumb Code    44  wifi.o(.text)
    AscToNum                                 0x08004bcd   Thumb Code    30  wifi.o(.text)
    buffer_output                            0x08004beb   Thumb Code    26  wifi.o(.text)
    cmd_analysis                             0x08004c05   Thumb Code     6  wifi.o(.text)
    net_cmd_handle                           0x08004c0b   Thumb Code   132  wifi.o(.text)
    com_cmd_handle                           0x08004c8f   Thumb Code   164  wifi.o(.text)
    DES                                      0x08004fa3   Thumb Code   180  des.o(.text)
    DES3                                     0x08005057   Thumb Code   102  des.o(.text)
    Encode                                   0x080050bd   Thumb Code   136  des.o(.text)
    Decode                                   0x08005145   Thumb Code    60  des.o(.text)
    server_read_mcu_id                       0x080051d1   Thumb Code    38  server.o(.text)
    server_host_id                           0x080051f7   Thumb Code   226  server.o(.text)
    server_check_lic                         0x080052d9   Thumb Code    26  server.o(.text)
    server_get_id                            0x080052f3   Thumb Code    16  server.o(.text)
    server_send                              0x08005303   Thumb Code   146  server.o(.text)
    server_add_client                        0x08005395   Thumb Code   176  server.o(.text)
    server_client_clr                        0x08005445   Thumb Code    12  server.o(.text)
    server_handle                            0x08005451   Thumb Code   528  server.o(.text)
    server_login                             0x08005661   Thumb Code    42  server.o(.text)
    read_pm                                  0x0800568b   Thumb Code    24  server.o(.text)
    server_heartbeat                         0x080056a3   Thumb Code    52  server.o(.text)
    server_err_process                       0x080056d7   Thumb Code    50  server.o(.text)
    wifi_server_process                      0x08005709   Thumb Code   108  server.o(.text)
    com_process                              0x08005775   Thumb Code    22  server.o(.text)
    ZLN_Read                                 0x0800578b   Thumb Code    46  server.o(.text)
    Check_Net_Stat                           0x080057b9   Thumb Code    70  server.o(.text)
    send_sync_data                           0x080057ff   Thumb Code    20  server.o(.text)
    sync_data                                0x08005813   Thumb Code    68  server.o(.text)
    Send_Mode                                0x08005857   Thumb Code    20  server.o(.text)
    Net_SendReply                            0x0800586b   Thumb Code   116  server.o(.text)
    TIM2_Int_Init                            0x080059ed   Thumb Code    92  timer.o(.text)
    close_smartlink_timer2                   0x08005a49   Thumb Code    20  timer.o(.text)
    start_smartlink_timer2                   0x08005a5d   Thumb Code    40  timer.o(.text)
    timer2_irq                               0x08005a85   Thumb Code   320  timer.o(.text)
    timer_all_init                           0x08005bc5   Thumb Code    12  timer.o(.text)
    timer_signal_init                        0x08005bd1   Thumb Code    20  timer.o(.text)
    timer_signal_set                         0x08005be5   Thumb Code    52  timer.o(.text)
    timer_get_state                          0x08005c19   Thumb Code    16  timer.o(.text)
    timer_get_run                            0x08005c29   Thumb Code    16  timer.o(.text)
    timer_clr_state                          0x08005c39   Thumb Code    16  timer.o(.text)
    timer1_init                              0x08005c49   Thumb Code    98  timer.o(.text)
    IIC_Init                                 0x08005ce1   Thumb Code    50  24c02.o(.text)
    IIC_Start                                0x08005d13   Thumb Code    64  24c02.o(.text)
    IIC_Stop                                 0x08005d53   Thumb Code    66  24c02.o(.text)
    IIC_Wait_Ack                             0x08005d95   Thumb Code    86  24c02.o(.text)
    IIC_Ack                                  0x08005deb   Thumb Code    70  24c02.o(.text)
    IIC_NAck                                 0x08005e31   Thumb Code    70  24c02.o(.text)
    IIC_Send_Byte                            0x08005e77   Thumb Code   104  24c02.o(.text)
    IIC_Read_Byte                            0x08005edf   Thumb Code   100  24c02.o(.text)
    AT24C02_ReadOneByte                      0x08005f43   Thumb Code    88  24c02.o(.text)
    AT24C02_WriteOneByte                     0x08005f9b   Thumb Code    80  24c02.o(.text)
    AT24C02_WriteLenByte                     0x08005feb   Thumb Code    42  24c02.o(.text)
    AT24C02_ReadLenByte                      0x08006015   Thumb Code    44  24c02.o(.text)
    AT24C02_Erase_Zero                       0x08006041   Thumb Code    24  24c02.o(.text)
    AT24C02_Check                            0x08006059   Thumb Code    52  24c02.o(.text)
    AT24C02_Read                             0x0800608d   Thumb Code    34  24c02.o(.text)
    AT24C02_Write                            0x080060af   Thumb Code    36  24c02.o(.text)
    AT24C02_Init                             0x080060d3   Thumb Code     8  24c02.o(.text)
    open_sim800_pwr                          0x080060e9   Thumb Code    42  sim800c.o(.text)
    com_usart1                               0x08006113   Thumb Code   150  sim800c.o(.text)
    USART1_IRQHandler                        0x080061a9   Thumb Code    80  sim800c.o(.text)
    sim800_send                              0x080061f9   Thumb Code    66  sim800c.o(.text)
    check_init_state                         0x0800623b   Thumb Code    32  sim800c.o(.text)
    init_sim800                              0x0800625b   Thumb Code   640  sim800c.o(.text)
    sim800_recevie                           0x080064db   Thumb Code   472  sim800c.o(.text)
    sim800_run                               0x080066b3   Thumb Code   146  sim800c.o(.text)
    GPIO_Configuration                       0x08006795   Thumb Code    72  device.o(.text)
    Reset_W5500                              0x080067dd   Thumb Code    36  device.o(.text)
    reboot                                   0x08006801   Thumb Code    12  device.o(.text)
    set_network                              0x0800680d   Thumb Code   370  device.o(.text)
    set_default                              0x0800697f   Thumb Code   168  device.o(.text)
    set_default_reset                        0x08006a27   Thumb Code   122  device.o(.text)
    IINCHIP_CSon                             0x08006bfd   Thumb Code    10  w5500.o(.text)
    IINCHIP_SpiSendData                      0x08006c07   Thumb Code    12  w5500.o(.text)
    IINCHIP_CSoff                            0x08006c13   Thumb Code    10  w5500.o(.text)
    IINCHIP_WRITE                            0x08006c1d   Thumb Code    50  w5500.o(.text)
    setkeepalive                             0x08006c4f   Thumb Code    20  w5500.o(.text)
    getISR                                   0x08006c63   Thumb Code     8  w5500.o(.text)
    putISR                                   0x08006c6b   Thumb Code     6  w5500.o(.text)
    getIINCHIP_RxMAX                         0x08006c71   Thumb Code    10  w5500.o(.text)
    getIINCHIP_TxMAX                         0x08006c7b   Thumb Code    10  w5500.o(.text)
    IINCHIP_READ                             0x08006c85   Thumb Code    50  w5500.o(.text)
    wiz_write_buf                            0x08006cb7   Thumb Code    72  w5500.o(.text)
    wiz_read_buf                             0x08006cff   Thumb Code    70  w5500.o(.text)
    setMR                                    0x08006d45   Thumb Code    14  w5500.o(.text)
    iinchip_init                             0x08006d53   Thumb Code    10  w5500.o(.text)
    sysinit                                  0x08006d5d   Thumb Code   302  w5500.o(.text)
    setGAR                                   0x08006e8b   Thumb Code    16  w5500.o(.text)
    getGWIP                                  0x08006e9b   Thumb Code    16  w5500.o(.text)
    setSUBR                                  0x08006eab   Thumb Code    18  w5500.o(.text)
    setSHAR                                  0x08006ebd   Thumb Code    18  w5500.o(.text)
    setSIPR                                  0x08006ecf   Thumb Code    18  w5500.o(.text)
    getGAR                                   0x08006ee1   Thumb Code    16  w5500.o(.text)
    getSUBR                                  0x08006ef1   Thumb Code    18  w5500.o(.text)
    getSHAR                                  0x08006f03   Thumb Code    18  w5500.o(.text)
    getSIPR                                  0x08006f15   Thumb Code    18  w5500.o(.text)
    getIR                                    0x08006f27   Thumb Code    12  w5500.o(.text)
    setRTR                                   0x08006f33   Thumb Code    26  w5500.o(.text)
    setRCR                                   0x08006f4d   Thumb Code    16  w5500.o(.text)
    clearIR                                  0x08006f5d   Thumb Code    26  w5500.o(.text)
    setSn_MSS                                0x08006f77   Thumb Code    36  w5500.o(.text)
    setSn_TTL                                0x08006f9b   Thumb Code    22  w5500.o(.text)
    getSn_IR                                 0x08006fb1   Thumb Code    18  w5500.o(.text)
    getSn_SR                                 0x08006fc3   Thumb Code    18  w5500.o(.text)
    getSn_TX_FSR                             0x08006fd5   Thumb Code    84  w5500.o(.text)
    getSn_RX_RSR                             0x08007029   Thumb Code   100  w5500.o(.text)
    send_data_processing                     0x0800708d   Thumb Code   108  w5500.o(.text)
    recv_data_processing                     0x080070f9   Thumb Code   108  w5500.o(.text)
    setSn_IR                                 0x08007165   Thumb Code    22  w5500.o(.text)
    getPHYStatus                             0x0800717b   Thumb Code    12  w5500.o(.text)
    WIZ_SPI_Init                             0x08007189   Thumb Code   154  spi2.o(.text)
    WIZ_CS                                   0x08007223   Thumb Code    30  spi2.o(.text)
    SPI2_SendByte                            0x08007241   Thumb Code    50  spi2.o(.text)
    Delay_us                                 0x0800727d   Thumb Code    42  24c16.o(.text)
    at24c16_stop                             0x080072a7   Thumb Code    40  24c16.o(.text)
    read_1byte                               0x080072cf   Thumb Code   110  24c16.o(.text)
    clock                                    0x0800733d   Thumb Code    62  24c16.o(.text)
    write_1byte                              0x0800737b   Thumb Code   122  24c16.o(.text)
    at24c16_start                            0x080073f5   Thumb Code    50  24c16.o(.text)
    at24c16_read                             0x08007427   Thumb Code    70  24c16.o(.text)
    eeprom_read                              0x0800746d   Thumb Code    36  24c16.o(.text)
    at24c16_write                            0x08007491   Thumb Code    80  24c16.o(.text)
    eeprom_write                             0x080074e1   Thumb Code    36  24c16.o(.text)
    write_ip_pri                             0x08007505   Thumb Code    14  24c16.o(.text)
    load_ip_pri                              0x08007513   Thumb Code    56  24c16.o(.text)
    write_eeprom_flag                        0x0800754b   Thumb Code    20  24c16.o(.text)
    clear_eeprom_flag                        0x0800755f   Thumb Code    20  24c16.o(.text)
    at24c16_init                             0x08007573   Thumb Code    72  24c16.o(.text)
    eep_block_write                          0x080075bb   Thumb Code    40  24c16.o(.text)
    erase_eeprom                             0x080075e3   Thumb Code    30  24c16.o(.text)
    fan_on                                   0x08007631   Thumb Code    18  hcho.o(.text)
    fan_off                                  0x08007643   Thumb Code    18  hcho.o(.text)
    fan_init                                 0x08007655   Thumb Code    38  hcho.o(.text)
    hcho_is_ok                               0x0800767b   Thumb Code    38  hcho.o(.text)
    hcho_adc_Init                            0x080076a1   Thumb Code   168  hcho.o(.text)
    hcho_adc_sample                          0x08007749   Thumb Code    66  hcho.o(.text)
    hm_adc_sample                            0x0800778b   Thumb Code    66  hcho.o(.text)
    __aeabi_memcpy                           0x08007805   Thumb Code    36  memcpya.o(.text)
    __aeabi_memcpy4                          0x08007805   Thumb Code     0  memcpya.o(.text)
    __aeabi_memcpy8                          0x08007805   Thumb Code     0  memcpya.o(.text)
    __aeabi_memset                           0x08007829   Thumb Code    14  memseta.o(.text)
    __aeabi_memset4                          0x08007829   Thumb Code     0  memseta.o(.text)
    __aeabi_memset8                          0x08007829   Thumb Code     0  memseta.o(.text)
    __aeabi_memclr                           0x08007837   Thumb Code     4  memseta.o(.text)
    __aeabi_memclr4                          0x08007837   Thumb Code     0  memseta.o(.text)
    __aeabi_memclr8                          0x08007837   Thumb Code     0  memseta.o(.text)
    _memset$wrapper                          0x0800783b   Thumb Code    18  memseta.o(.text)
    strcat                                   0x0800784d   Thumb Code    24  strcat.o(.text)
    strchr                                   0x08007865   Thumb Code    20  strchr.o(.text)
    strlen                                   0x08007879   Thumb Code    14  strlen.o(.text)
    strcmp                                   0x08007887   Thumb Code    28  strcmp.o(.text)
    memcmp                                   0x080078a3   Thumb Code    26  memcmp.o(.text)
    strncmp                                  0x080078bd   Thumb Code    30  strncmp.o(.text)
    atoi                                     0x080078db   Thumb Code    26  atoi.o(.text)
    __aeabi_uldivmod                         0x080078f5   Thumb Code    98  uldiv.o(.text)
    strtol                                   0x08007957   Thumb Code   112  strtol.o(.text)
    __scatterload                            0x080079c9   Thumb Code    28  init.o(.text)
    __scatterload_rt2                        0x080079c9   Thumb Code     0  init.o(.text)
    __aeabi_llsl                             0x080079ed   Thumb Code    30  llshl.o(.text)
    _ll_shift_l                              0x080079ed   Thumb Code     0  llshl.o(.text)
    __aeabi_llsr                             0x08007a0b   Thumb Code    32  llushr.o(.text)
    _ll_ushift_r                             0x08007a0b   Thumb Code     0  llushr.o(.text)
    __rt_ctype_table                         0x08007a2d   Thumb Code     4  ctype_o.o(.text)
    _strtoul                                 0x08007a35   Thumb Code   158  _strtoul.o(.text)
    _chval                                   0x08007ad3   Thumb Code    28  _chval.o(.text)
    __0printf$8                              0x08007af1   Thumb Code    22  printf8.o(i.__0printf$8)
    __1printf$8                              0x08007af1   Thumb Code     0  printf8.o(i.__0printf$8)
    __2printf                                0x08007af1   Thumb Code     0  printf8.o(i.__0printf$8)
    __0sprintf$8                             0x08007b11   Thumb Code    34  printf8.o(i.__0sprintf$8)
    __1sprintf$8                             0x08007b11   Thumb Code     0  printf8.o(i.__0sprintf$8)
    __2sprintf                               0x08007b11   Thumb Code     0  printf8.o(i.__0sprintf$8)
    __aeabi_errno_addr                       0x08007b39   Thumb Code     4  errno.o(i.__aeabi_errno_addr)
    __rt_errno_addr                          0x08007b39   Thumb Code     0  errno.o(i.__aeabi_errno_addr)
    __scatterload_copy                       0x08007b41   Thumb Code    14  handlers.o(i.__scatterload_copy)
    __scatterload_null                       0x08007b4f   Thumb Code     2  handlers.o(i.__scatterload_null)
    __scatterload_zeroinit                   0x08007b51   Thumb Code    14  handlers.o(i.__scatterload_zeroinit)
    action                                   0x08007fcc   Data         260  app_processevents.o(.constdata)
    action_opt                               0x080080d0   Data          52  app_processevents.o(.constdata)
    Relay_On_opt                             0x08008104   Data          32  app_processevents.o(.constdata)
    Relay_Off_opt                            0x08008124   Data          32  app_processevents.o(.constdata)
    Get_Switch_opt                           0x08008144   Data          16  app_processevents.o(.constdata)
    Error                                    0x08008154   Data           6  app_processevents.o(.constdata)
    Ok                                       0x0800815a   Data           3  app_processevents.o(.constdata)
    mapper1                                  0x0800815d   Data          64  des.o(.constdata)
    mapper2                                  0x0800819d   Data          64  des.o(.constdata)
    mapper3                                  0x080081dd   Data          56  des.o(.constdata)
    mapper4                                  0x08008215   Data          48  des.o(.constdata)
    L_shift                                  0x08008245   Data          17  des.o(.constdata)
    R_shift                                  0x08008256   Data          17  des.o(.constdata)
    mapper5                                  0x08008267   Data          48  des.o(.constdata)
    s_box                                    0x08008297   Data         512  des.o(.constdata)
    mapper6                                  0x08008497   Data          32  des.o(.constdata)
    ZLN_IDENT                                0x080084b7   Data          10  server.o(.constdata)
    AT_CHECK_SIM                             0x080084c1   Data          10  sim800c.o(.constdata)
    AT_CHECK_GPRS                            0x080084cb   Data          11  sim800c.o(.constdata)
    AT_CSTT                                  0x080084d6   Data          15  sim800c.o(.constdata)
    AT_CIIR                                  0x080084e5   Data          10  sim800c.o(.constdata)
    AT_CIFSR                                 0x080084ef   Data          10  sim800c.o(.constdata)
    AT_CIPSTART                              0x080084f9   Data          37  sim800c.o(.constdata)
    __ctype_table                            0x0800851e   Data         129  ctype_o.o(.constdata)
    Region$$Table$$Base                      0x080085a4   Number         0  anon$$obj.o(Region$$Table)
    Region$$Table$$Limit                     0x080085c4   Number         0  anon$$obj.o(Region$$Table)
    SystemCoreClock                          0x20000000   Data           4  system_stm32f10x.o(.data)
    AHBPrescTable                            0x20000004   Data          16  system_stm32f10x.o(.data)
    cmd_para                                 0x20000028   Data           7  app_processevents.o(.data)
    relay_para                               0x2000002f   Data           8  app_processevents.o(.data)
    control_cmd_pack_num                     0x20000037   Data           1  app_processevents.o(.data)
    alarm_cmd_pack_num                       0x20000038   Data           1  app_processevents.o(.data)
    scan_device                              0x20000039   Data          10  app_processevents.o(.data)
    switch_flag                              0x20000043   Data           8  app_processevents.o(.data)
    local_switch_value                       0x2000004b   Data           1  app_processevents.o(.data)
    test_flag                                0x2000004c   Data           1  app_processevents.o(.data)
    net_mode                                 0x20000054   Data           1  wifi.o(.data)
    net_link                                 0x20000055   Data           1  wifi.o(.data)
    cmdlen                                   0x20000058   Data           4  wifi.o(.data)
    frame_type                               0x2000005c   Data           1  wifi.o(.data)
    remote_len                               0x20000060   Data           4  wifi.o(.data)
    heart_flag                               0x20000064   Data           1  wifi.o(.data)
    heart_time_up                            0x20000065   Data           1  wifi.o(.data)
    at_interval                              0x20000068   Data           4  wifi.o(.data)
    byte_interval                            0x2000006c   Data           4  wifi.o(.data)
    net_timeout                              0x20000080   Data           4  wifi.o(.data)
    com_timeout                              0x20000084   Data           4  wifi.o(.data)
    flag_send_net                            0x2000008a   Data           1  wifi.o(.data)
    start                                    0x2000008b   Data           1  wifi.o(.data)
    end                                      0x2000008c   Data           1  wifi.o(.data)
    pm25_data                                0x2000008e   Data           2  wifi.o(.data)
    connect_port                             0x20000090   Data           1  server.o(.data)
    netsend_lock                             0x200000a1   Data           1  server.o(.data)
    smart_link_timer2                        0x200000a4   Data           1  timer.o(.data)
    smart_link_cnt                           0x200000a8   Data           4  timer.o(.data)
    time_sync                                0x200000ac   Data           2  timer.o(.data)
    flag_hum                                 0x200000ae   Data           1  timer.o(.data)
    flag_cnt                                 0x200000b0   Data           2  timer.o(.data)
    pos                                      0x200000b4   Data           2  sim800c.o(.data)
    init_state                               0x200000b8   Data           4  sim800c.o(.data)
    init_state_timer                         0x200000bc   Data           4  sim800c.o(.data)
    sim800_state                             0x200000c0   Data           4  sim800c.o(.data)
    flagStartRec                             0x200000c4   Data           4  sim800c.o(.data)
    check_err_cnt                            0x200000c8   Data           1  sim800c.o(.data)
    txsize                                   0x200000cc   Data           8  device.o(.data)
    rxsize                                   0x200000d4   Data           8  device.o(.data)
    HCHO_Standard_value                      0x200000e8   Data           4  hcho.o(.data)
    tp_val                                   0x200000ec   Data           2  hcho.o(.data)
    hm_val                                   0x200000ee   Data           2  hcho.o(.data)
    fan_state                                0x200000f0   Data           1  hcho.o(.data)
    hcho_ptr                                 0x200000f4   Data           4  hcho.o(.data)
    hcho_value                               0x200000f8   Data           4  hcho.o(.data)
    __stdout                                 0x200000fc   Data           4  stdout.o(.data)
    switch_para                              0x20000104   Data          24  app_processevents.o(.bss)
    switch_alarm                             0x2000011c   Data          16  app_processevents.o(.bss)
    control_cmd_buf                          0x2000012c   Data         200  app_processevents.o(.bss)
    switch_on_num                            0x200001f4   Data          16  app_processevents.o(.bss)
    switch_off_num                           0x20000204   Data          16  app_processevents.o(.bss)
    irq_buf                                  0x20000214   Data         200  wifi.o(.bss)
    cmdbuf                                   0x200002dc   Data         256  wifi.o(.bss)
    netbuf                                   0x200003dc   Data         256  wifi.o(.bss)
    combuf                                   0x200004dc   Data         256  wifi.o(.bss)
    com_rec_buf                              0x2000060c   Data         200  wifi.o(.bss)
    tmp3                                     0x20000754   Data          64  des.o(.bss)
    tmp4                                     0x20000794   Data          28  des.o(.bss)
    tmp5                                     0x200007b0   Data          28  des.o(.bss)
    data                                     0x200007ec   Data          64  des.o(.bss)
    tmp                                      0x2000082c   Data          48  des.o(.bss)
    keydes                                   0x2000085c   Data          56  des.o(.bss)
    subkey                                   0x20000894   Data          48  des.o(.bss)
    server_buf                               0x20000cdc   Data         512  server.o(.bss)
    serverid                                 0x20000edc   Data          24  server.o(.bss)
    client_id                                0x20000ef4   Data         160  server.o(.bss)
    client                                   0x20000f94   Data          10  server.o(.bss)
    timer                                    0x20000fa0   Data          84  timer.o(.bss)
    sim800_rec_buf                           0x20000ff4   Data         512  sim800c.o(.bss)
    ConfigMsg                                0x200011f4   Data          35  device.o(.bss)
    RecvMsg                                  0x20001217   Data          35  device.o(.bss)
    pub_buf                                  0x2000123a   Data        1460  device.o(.bss)
    DHCP_GET                                 0x2000180e   Data          22  dhcp.o(.bss)
    EXTERN_DHCPBUF                           0x20001824   Data        1024  dhcp.o(.bss)
    __initial_sp                             0x20002028   Data           0  startup_stm32f10x_hd.o(STACK)



==============================================================================

Memory Map of the image

  Image Entry point : 0x08000131

  Load Region LR_IROM1 (Base: 0x08000000, Size: 0x000086c8, Max: 0x00010000, ABSOLUTE)

    Execution Region ER_IROM1 (Base: 0x08000000, Size: 0x000085c4, Max: 0x00010000, ABSOLUTE)

    Base Addr    Size         Type   Attr      Idx    E Section Name        Object

    0x08000000   0x00000130   Data   RO            3    RESET               startup_stm32f10x_hd.o
    0x08000130   0x00000000   Code   RO          835  * .ARM.Collect$$$$00000000  mc_w.l(entry.o)
    0x08000130   0x00000004   Code   RO         1131    .ARM.Collect$$$$00000001  mc_w.l(entry2.o)
    0x08000134   0x00000004   Code   RO         1134    .ARM.Collect$$$$00000004  mc_w.l(entry5.o)
    0x08000138   0x00000000   Code   RO         1136    .ARM.Collect$$$$00000008  mc_w.l(entry7b.o)
    0x08000138   0x00000000   Code   RO         1138    .ARM.Collect$$$$0000000A  mc_w.l(entry8b.o)
    0x08000138   0x00000008   Code   RO         1139    .ARM.Collect$$$$0000000B  mc_w.l(entry9a.o)
    0x08000140   0x00000000   Code   RO         1141    .ARM.Collect$$$$0000000D  mc_w.l(entry10a.o)
    0x08000140   0x00000000   Code   RO         1143    .ARM.Collect$$$$0000000F  mc_w.l(entry11a.o)
    0x08000140   0x00000004   Code   RO         1132    .ARM.Collect$$$$00002712  mc_w.l(entry2.o)
    0x08000144   0x00000018   Code   RO          759    .emb_text           httputil.o
    0x0800015c   0x00000024   Code   RO            4    .text               startup_stm32f10x_hd.o
    0x08000180   0x000001e0   Code   RO           24    .text               system_stm32f10x.o
    0x08000360   0x000000dc   Code   RO           85    .text               misc.o
    0x0800043c   0x0000035c   Code   RO          134    .text               stm32f10x_gpio.o
    0x08000798   0x000003a4   Code   RO          152    .text               stm32f10x_rcc.o
    0x08000b3c   0x00000408   Code   RO          169    .text               stm32f10x_usart.o
    0x08000f44   0x0000044e   Code   RO          199    .text               stm32f10x_adc.o
    0x08001392   0x00000002   PAD
    0x08001394   0x00000e1a   Code   RO          214    .text               stm32f10x_tim.o
    0x080021ae   0x00000002   PAD
    0x080021b0   0x000005bc   Code   RO          274    .text               stm32f10x_flash.o
    0x0800276c   0x0000030c   Code   RO          289    .text               stm32f10x_spi.o
    0x08002a78   0x000000f4   Code   RO          304    .text               main.o
    0x08002b6c   0x00000474   Code   RO          362    .text               stm32config.o
    0x08002fe0   0x00000022   Code   RO          378    .text               stm32f10x_it.o
    0x08003002   0x00000002   PAD
    0x08003004   0x000013b4   Code   RO          396    .text               app_processevents.o
    0x080043b8   0x000000c4   Code   RO          432    .text               delay.o
    0x0800447c   0x000008c0   Code   RO          446    .text               wifi.o
    0x08004d3c   0x00000494   Code   RO          486    .text               des.o
    0x080051d0   0x0000081c   Code   RO          502    .text               server.o
    0x080059ec   0x000002f4   Code   RO          526    .text               timer.o
    0x08005ce0   0x00000408   Code   RO          550    .text               24c02.o
    0x080060e8   0x000006ac   Code   RO          562    .text               sim800c.o
    0x08006794   0x00000468   Code   RO          583    .text               device.o
    0x08006bfc   0x0000058a   Code   RO          622    .text               w5500.o
    0x08007186   0x00000002   PAD
    0x08007188   0x000000f4   Code   RO          701    .text               spi2.o
    0x0800727c   0x000003b4   Code   RO          791    .text               24c16.o
    0x08007630   0x000001d4   Code   RO          814    .text               hcho.o
    0x08007804   0x00000024   Code   RO          838    .text               mc_w.l(memcpya.o)
    0x08007828   0x00000024   Code   RO          840    .text               mc_w.l(memseta.o)
    0x0800784c   0x00000018   Code   RO          842    .text               mc_w.l(strcat.o)
    0x08007864   0x00000014   Code   RO          848    .text               mc_w.l(strchr.o)
    0x08007878   0x0000000e   Code   RO          850    .text               mc_w.l(strlen.o)
    0x08007886   0x0000001c   Code   RO          852    .text               mc_w.l(strcmp.o)
    0x080078a2   0x0000001a   Code   RO          854    .text               mc_w.l(memcmp.o)
    0x080078bc   0x0000001e   Code   RO          858    .text               mc_w.l(strncmp.o)
    0x080078da   0x0000001a   Code   RO         1129    .text               mc_w.l(atoi.o)
    0x080078f4   0x00000062   Code   RO         1148    .text               mc_w.l(uldiv.o)
    0x08007956   0x00000070   Code   RO         1157    .text               mc_w.l(strtol.o)
    0x080079c6   0x00000002   PAD
    0x080079c8   0x00000024   Code   RO         1170    .text               mc_w.l(init.o)
    0x080079ec   0x0000001e   Code   RO         1172    .text               mc_w.l(llshl.o)
    0x08007a0a   0x00000020   Code   RO         1174    .text               mc_w.l(llushr.o)
    0x08007a2a   0x00000002   PAD
    0x08007a2c   0x00000008   Code   RO         1178    .text               mc_w.l(ctype_o.o)
    0x08007a34   0x0000009e   Code   RO         1206    .text               mc_w.l(_strtoul.o)
    0x08007ad2   0x0000001c   Code   RO         1210    .text               mc_w.l(_chval.o)
    0x08007aee   0x00000002   PAD
    0x08007af0   0x00000020   Code   RO         1075    i.__0printf$8       mc_w.l(printf8.o)
    0x08007b10   0x00000028   Code   RO         1077    i.__0sprintf$8      mc_w.l(printf8.o)
    0x08007b38   0x00000008   Code   RO         1150    i.__aeabi_errno_addr  mc_w.l(errno.o)
    0x08007b40   0x0000000e   Code   RO         1214    i.__scatterload_copy  mc_w.l(handlers.o)
    0x08007b4e   0x00000002   Code   RO         1215    i.__scatterload_null  mc_w.l(handlers.o)
    0x08007b50   0x0000000e   Code   RO         1216    i.__scatterload_zeroinit  mc_w.l(handlers.o)
    0x08007b5e   0x00000002   PAD
    0x08007b60   0x00000410   Code   RO         1082    i._printf_core      mc_w.l(printf8.o)
    0x08007f70   0x00000024   Code   RO         1083    i._printf_post_padding  mc_w.l(printf8.o)
    0x08007f94   0x0000002e   Code   RO         1084    i._printf_pre_padding  mc_w.l(printf8.o)
    0x08007fc2   0x0000000a   Code   RO         1086    i._sputc            mc_w.l(printf8.o)
    0x08007fcc   0x00000191   Data   RO          398    .constdata          app_processevents.o
    0x0800815d   0x0000035a   Data   RO          488    .constdata          des.o
    0x080084b7   0x0000000a   Data   RO          504    .constdata          server.o
    0x080084c1   0x0000005d   Data   RO          564    .constdata          sim800c.o
    0x0800851e   0x00000081   Data   RO         1179    .constdata          mc_w.l(ctype_o.o)
    0x0800859f   0x00000001   PAD
    0x080085a0   0x00000004   Data   RO         1180    .constdata          mc_w.l(ctype_o.o)
    0x080085a4   0x00000020   Data   RO         1212    Region$$Table       anon$$obj.o


    Execution Region RW_IRAM1 (Base: 0x20000000, Size: 0x00002028, Max: 0x00005000, ABSOLUTE)

    Base Addr    Size         Type   Attr      Idx    E Section Name        Object

    0x20000000   0x00000014   Data   RW           25    .data               system_stm32f10x.o
    0x20000014   0x00000014   Data   RW          153    .data               stm32f10x_rcc.o
    0x20000028   0x00000025   Data   RW          399    .data               app_processevents.o
    0x2000004d   0x00000001   PAD
    0x2000004e   0x00000004   Data   RW          433    .data               delay.o
    0x20000052   0x00000002   PAD
    0x20000054   0x0000003c   Data   RW          448    .data               wifi.o
    0x20000090   0x00000012   Data   RW          505    .data               server.o
    0x200000a2   0x00000002   PAD
    0x200000a4   0x0000000e   Data   RW          528    .data               timer.o
    0x200000b2   0x00000002   PAD
    0x200000b4   0x00000015   Data   RW          565    .data               sim800c.o
    0x200000c9   0x00000003   PAD
    0x200000cc   0x00000014   Data   RW          585    .data               device.o
    0x200000e0   0x00000008   Data   RW          624    .data               w5500.o
    0x200000e8   0x00000014   Data   RW          815    .data               hcho.o
    0x200000fc   0x00000004   Data   RW         1145    .data               mc_w.l(stdout.o)
    0x20000100   0x00000004   Data   RW         1153    .data               mc_w.l(errno.o)
    0x20000104   0x00000110   Zero   RW          397    .bss                app_processevents.o
    0x20000214   0x000004c0   Zero   RW          447    .bss                wifi.o
    0x200006d4   0x00000608   Zero   RW          487    .bss                des.o
    0x20000cdc   0x000002c2   Zero   RW          503    .bss                server.o
    0x20000f9e   0x00000002   PAD
    0x20000fa0   0x00000054   Zero   RW          527    .bss                timer.o
    0x20000ff4   0x00000200   Zero   RW          563    .bss                sim800c.o
    0x200011f4   0x000005fa   Zero   RW          584    .bss                device.o
    0x200017ee   0x00000020   Zero   RW          623    .bss                w5500.o
    0x2000180e   0x00000416   Zero   RW          641    .bss                dhcp.o
    0x20001c24   0x00000004   PAD
    0x20001c28   0x00000400   Zero   RW            1    STACK               startup_stm32f10x_hd.o


==============================================================================

Image component sizes


      Code (inc. data)   RO Data    RW Data    ZI Data      Debug   Object Name

      1032         14          0          0          0       4267   24c02.o
       948         48          0          0          0       4898   24c16.o
      5044        318        401         37        272      18731   app_processevents.o
         0          0          0          0          0       4504   core_cm3.o
       196         10          0          4          0        955   delay.o
      1172         80        858          0       1544       5459   des.o
      1128        348          0         20       1530       5692   device.o
         0          0          0          0       1046       4472   dhcp.o
       468         56          0         20          0       1883   hcho.o
        24          8          0          0          0        352   httputil.o
       244         52          0          0          0        837   main.o
       220         22          0          0          0      12061   misc.o
      2076        334         10         18        706       7322   server.o
      1708        534         93         21        512       3695   sim800c.o
       244         10          0          0          0        964   spi2.o
        36          8        304          0       1024        816   startup_stm32f10x_hd.o
      1140         44          0          0          0       3219   stm32config.o
      1102         26          0          0          0      19769   stm32f10x_adc.o
      1468         34          0          0          0      14270   stm32f10x_flash.o
       860         38          0          0          0      13905   stm32f10x_gpio.o
        34          0          0          0          0       1366   stm32f10x_it.o
       932         36          0         20          0      17424   stm32f10x_rcc.o
       780         14          0          0          0      13334   stm32f10x_spi.o
      3610         88          0          0          0      42376   stm32f10x_tim.o
      1032         22          0          0          0      14308   stm32f10x_usart.o
       480         38          0         20          0     255551   system_stm32f10x.o
       756         54          0         14         84       4136   timer.o
      1418         14          0          8         32       8161   w5500.o
      2240        152          0         60       1216      14312   wifi.o

    ----------------------------------------------------------------------
     30400       2402       1698        252       7972     499039   Object Totals
         0          0         32          0          0          0   (incl. Generated)
         8          0          0         10          6          0   (incl. Padding)

    ----------------------------------------------------------------------

      Code (inc. data)   RO Data    RW Data    ZI Data      Debug   Library Member Name

        28          0          0          0          0         68   _chval.o
       158          0          0          0          0         92   _strtoul.o
        26          0          0          0          0         80   atoi.o
         8          4        133          0          0         68   ctype_o.o
         0          0          0          0          0          0   entry.o
         0          0          0          0          0          0   entry10a.o
         0          0          0          0          0          0   entry11a.o
         8          4          0          0          0          0   entry2.o
         4          0          0          0          0          0   entry5.o
         0          0          0          0          0          0   entry7b.o
         0          0          0          0          0          0   entry8b.o
         8          4          0          0          0          0   entry9a.o
         8          4          0          4          0         68   errno.o
        30          0          0          0          0          0   handlers.o
        36          8          0          0          0         68   init.o
        30          0          0          0          0         68   llshl.o
        32          0          0          0          0         68   llushr.o
        26          0          0          0          0         80   memcmp.o
        36          0          0          0          0         68   memcpya.o
        36          0          0          0          0        108   memseta.o
      1204         60          0          0          0        504   printf8.o
         0          0          0          4          0          0   stdout.o
        24          0          0          0          0         68   strcat.o
        20          0          0          0          0         68   strchr.o
        28          0          0          0          0         76   strcmp.o
        14          0          0          0          0         68   strlen.o
        30          0          0          0          0         80   strncmp.o
       112          0          0          0          0         88   strtol.o
        98          0          0          0          0         92   uldiv.o

    ----------------------------------------------------------------------
      2012         84        134          8          0       1880   Library Totals
         8          0          1          0          0          0   (incl. Padding)

    ----------------------------------------------------------------------

      Code (inc. data)   RO Data    RW Data    ZI Data      Debug   Library Name

      2004         84        133          8          0       1880   mc_w.l

    ----------------------------------------------------------------------
      2012         84        134          8          0       1880   Library Totals

    ----------------------------------------------------------------------

==============================================================================


      Code (inc. data)   RO Data    RW Data    ZI Data      Debug   

     32412       2486       1832        260       7972     497587   Grand Totals
     32412       2486       1832        260       7972     497587   ELF Image Totals
     32412       2486       1832        260          0          0   ROM Totals

==============================================================================

    Total RO  Size (Code + RO Data)                34244 (  33.44kB)
    Total RW  Size (RW Data + ZI Data)              8232 (   8.04kB)
    Total ROM Size (Code + RO Data + RW Data)      34504 (  33.70kB)

==============================================================================

